Archive member included because of file (symbol)

/opt/Freescale/KDS_v3/toolchain/bin/../lib/gcc/arm-none-eabi/4.8.4/armv6-m/libgcc.a(_udivsi3.o)
                              ./Generated_Code/SERVO1.o (__aeabi_uidiv)
/opt/Freescale/KDS_v3/toolchain/bin/../lib/gcc/arm-none-eabi/4.8.4/armv6-m/libgcc.a(_dvmd_tls.o)
                              /opt/Freescale/KDS_v3/toolchain/bin/../lib/gcc/arm-none-eabi/4.8.4/armv6-m/libgcc.a(_udivsi3.o) (__aeabi_idiv0)
/opt/Freescale/KDS_v3/toolchain/bin/../lib/gcc/arm-none-eabi/4.8.4/armv6-m/libgcc.a(_arm_cmpsf2.o)
                              ./Generated_Code/PwmLdd1.o (__aeabi_fcmpgt)
/opt/Freescale/KDS_v3/toolchain/bin/../lib/gcc/arm-none-eabi/4.8.4/armv6-m/libgcc.a(_fixunssfsi.o)
                              ./Generated_Code/PwmLdd1.o (__aeabi_f2uiz)
/opt/Freescale/KDS_v3/toolchain/bin/../lib/gcc/arm-none-eabi/4.8.4/armv6-m/libgcc.a(eqsf2.o)
                              /opt/Freescale/KDS_v3/toolchain/bin/../lib/gcc/arm-none-eabi/4.8.4/armv6-m/libgcc.a(_arm_cmpsf2.o) (__eqsf2)
/opt/Freescale/KDS_v3/toolchain/bin/../lib/gcc/arm-none-eabi/4.8.4/armv6-m/libgcc.a(gesf2.o)
                              /opt/Freescale/KDS_v3/toolchain/bin/../lib/gcc/arm-none-eabi/4.8.4/armv6-m/libgcc.a(_arm_cmpsf2.o) (__gesf2)
/opt/Freescale/KDS_v3/toolchain/bin/../lib/gcc/arm-none-eabi/4.8.4/armv6-m/libgcc.a(lesf2.o)
                              /opt/Freescale/KDS_v3/toolchain/bin/../lib/gcc/arm-none-eabi/4.8.4/armv6-m/libgcc.a(_arm_cmpsf2.o) (__lesf2)
/opt/Freescale/KDS_v3/toolchain/bin/../lib/gcc/arm-none-eabi/4.8.4/armv6-m/libgcc.a(mulsf3.o)
                              ./Generated_Code/PwmLdd1.o (__aeabi_fmul)
/opt/Freescale/KDS_v3/toolchain/bin/../lib/gcc/arm-none-eabi/4.8.4/armv6-m/libgcc.a(subsf3.o)
                              /opt/Freescale/KDS_v3/toolchain/bin/../lib/gcc/arm-none-eabi/4.8.4/armv6-m/libgcc.a(_fixunssfsi.o) (__aeabi_fsub)
/opt/Freescale/KDS_v3/toolchain/bin/../lib/gcc/arm-none-eabi/4.8.4/armv6-m/libgcc.a(fixsfsi.o)
                              /opt/Freescale/KDS_v3/toolchain/bin/../lib/gcc/arm-none-eabi/4.8.4/armv6-m/libgcc.a(_fixunssfsi.o) (__aeabi_f2iz)
/opt/Freescale/KDS_v3/toolchain/bin/../lib/gcc/arm-none-eabi/4.8.4/armv6-m/libgcc.a(floatsisf.o)
                              ./Generated_Code/PwmLdd1.o (__aeabi_i2f)
/opt/Freescale/KDS_v3/toolchain/bin/../lib/gcc/arm-none-eabi/4.8.4/armv6-m/libgcc.a(_clzsi2.o)
                              /opt/Freescale/KDS_v3/toolchain/bin/../lib/gcc/arm-none-eabi/4.8.4/armv6-m/libgcc.a(mulsf3.o) (__clzsi2)
/opt/Freescale/KDS_v3/toolchain/bin/../lib/gcc/arm-none-eabi/4.8.4/../../../../arm-none-eabi/lib/armv6-m/libg_s.a(lib_a-exit.o)
                              /opt/Freescale/KDS_v3/toolchain/bin/../lib/gcc/arm-none-eabi/4.8.4/../../../../arm-none-eabi/lib/armv6-m/crt0.o (exit)
/opt/Freescale/KDS_v3/toolchain/bin/../lib/gcc/arm-none-eabi/4.8.4/../../../../arm-none-eabi/lib/armv6-m/libg_s.a(lib_a-impure.o)
                              /opt/Freescale/KDS_v3/toolchain/bin/../lib/gcc/arm-none-eabi/4.8.4/../../../../arm-none-eabi/lib/armv6-m/libg_s.a(lib_a-exit.o) (_global_impure_ptr)
/opt/Freescale/KDS_v3/toolchain/bin/../lib/gcc/arm-none-eabi/4.8.4/../../../../arm-none-eabi/lib/armv6-m/libg_s.a(lib_a-init.o)
                              /opt/Freescale/KDS_v3/toolchain/bin/../lib/gcc/arm-none-eabi/4.8.4/../../../../arm-none-eabi/lib/armv6-m/crt0.o (__libc_init_array)
/opt/Freescale/KDS_v3/toolchain/bin/../lib/gcc/arm-none-eabi/4.8.4/../../../../arm-none-eabi/lib/armv6-m/libg_s.a(lib_a-memset.o)
                              /opt/Freescale/KDS_v3/toolchain/bin/../lib/gcc/arm-none-eabi/4.8.4/../../../../arm-none-eabi/lib/armv6-m/crt0.o (memset)
/opt/Freescale/KDS_v3/toolchain/bin/../lib/gcc/arm-none-eabi/4.8.4/../../../../arm-none-eabi/lib/armv6-m/libnosys.a(_exit.o)
                              /opt/Freescale/KDS_v3/toolchain/bin/../lib/gcc/arm-none-eabi/4.8.4/../../../../arm-none-eabi/lib/armv6-m/libg_s.a(lib_a-exit.o) (_exit)

Allocating common symbols
Common symbol       size              file

SR_reg              0x1               ./Generated_Code/Cpu.o

Discarded input sections

 .text          0x00000000        0x0 /opt/Freescale/KDS_v3/toolchain/bin/../lib/gcc/arm-none-eabi/4.8.4/armv6-m/crti.o
 .data          0x00000000        0x0 /opt/Freescale/KDS_v3/toolchain/bin/../lib/gcc/arm-none-eabi/4.8.4/armv6-m/crti.o
 .bss           0x00000000        0x0 /opt/Freescale/KDS_v3/toolchain/bin/../lib/gcc/arm-none-eabi/4.8.4/armv6-m/crti.o
 .data          0x00000000        0x4 /opt/Freescale/KDS_v3/toolchain/bin/../lib/gcc/arm-none-eabi/4.8.4/armv6-m/crtbegin.o
 .data          0x00000000        0x0 /opt/Freescale/KDS_v3/toolchain/bin/../lib/gcc/arm-none-eabi/4.8.4/../../../../arm-none-eabi/lib/armv6-m/crt0.o
 .bss           0x00000000        0x0 /opt/Freescale/KDS_v3/toolchain/bin/../lib/gcc/arm-none-eabi/4.8.4/../../../../arm-none-eabi/lib/armv6-m/crt0.o
 .ARM.extab     0x00000000        0x0 /opt/Freescale/KDS_v3/toolchain/bin/../lib/gcc/arm-none-eabi/4.8.4/../../../../arm-none-eabi/lib/armv6-m/crt0.o
 .group         0x00000000        0x8 ./Sources/Events.o
 .group         0x00000000        0x8 ./Sources/Events.o
 .group         0x00000000        0x8 ./Sources/Events.o
 .group         0x00000000        0x8 ./Sources/Events.o
 .group         0x00000000        0x8 ./Sources/Events.o
 .group         0x00000000        0x8 ./Sources/Events.o
 .group         0x00000000        0x8 ./Sources/Events.o
 .group         0x00000000        0x8 ./Sources/Events.o
 .group         0x00000000        0x8 ./Sources/Events.o
 .group         0x00000000        0x8 ./Sources/Events.o
 .group         0x00000000        0x8 ./Sources/Events.o
 .group         0x00000000        0x8 ./Sources/Events.o
 .group         0x00000000        0x8 ./Sources/Events.o
 .group         0x00000000        0x8 ./Sources/Events.o
 .group         0x00000000        0x8 ./Sources/Events.o
 .group         0x00000000        0x8 ./Sources/Events.o
 .group         0x00000000        0x8 ./Sources/Events.o
 .text          0x00000000        0x0 ./Sources/Events.o
 .data          0x00000000        0x0 ./Sources/Events.o
 .bss           0x00000000        0x0 ./Sources/Events.o
 .group         0x00000000        0x8 ./Sources/main.o
 .group         0x00000000        0x8 ./Sources/main.o
 .group         0x00000000        0x8 ./Sources/main.o
 .group         0x00000000        0x8 ./Sources/main.o
 .group         0x00000000        0x8 ./Sources/main.o
 .group         0x00000000        0x8 ./Sources/main.o
 .group         0x00000000        0x8 ./Sources/main.o
 .group         0x00000000        0x8 ./Sources/main.o
 .group         0x00000000        0x8 ./Sources/main.o
 .group         0x00000000        0x8 ./Sources/main.o
 .group         0x00000000        0x8 ./Sources/main.o
 .group         0x00000000        0x8 ./Sources/main.o
 .group         0x00000000        0x8 ./Sources/main.o
 .group         0x00000000        0x8 ./Sources/main.o
 .group         0x00000000        0x8 ./Sources/main.o
 .group         0x00000000        0x8 ./Sources/main.o
 .group         0x00000000        0x8 ./Sources/main.o
 .text          0x00000000        0x0 ./Sources/main.o
 .data          0x00000000        0x0 ./Sources/main.o
 .bss           0x00000000        0x0 ./Sources/main.o
 .debug_macro   0x00000000      0x802 ./Sources/main.o
 .debug_macro   0x00000000       0x16 ./Sources/main.o
 .debug_macro   0x00000000       0x44 ./Sources/main.o
 .debug_macro   0x00000000      0x209 ./Sources/main.o
 .debug_macro   0x00000000     0x1592 ./Sources/main.o
 .debug_macro   0x00000000      0x14e ./Sources/main.o
 .debug_macro   0x00000000       0x64 ./Sources/main.o
 .debug_macro   0x00000000     0x9005 ./Sources/main.o
 .debug_macro   0x00000000      0x20d ./Sources/main.o
 .debug_macro   0x00000000       0x94 ./Sources/main.o
 .debug_macro   0x00000000      0x1d6 ./Sources/main.o
 .debug_macro   0x00000000       0x97 ./Sources/main.o
 .debug_macro   0x00000000       0x46 ./Sources/main.o
 .debug_macro   0x00000000       0x32 ./Sources/main.o
 .debug_macro   0x00000000       0x22 ./Sources/main.o
 .debug_macro   0x00000000       0x22 ./Sources/main.o
 .debug_macro   0x00000000       0x30 ./Sources/main.o
 .group         0x00000000        0x8 ./Project_Settings/Startup_Code/startup.o
 .group         0x00000000        0x8 ./Project_Settings/Startup_Code/startup.o
 .group         0x00000000        0x8 ./Project_Settings/Startup_Code/startup.o
 .group         0x00000000        0x8 ./Project_Settings/Startup_Code/startup.o
 .group         0x00000000        0x8 ./Project_Settings/Startup_Code/startup.o
 .group         0x00000000        0x8 ./Project_Settings/Startup_Code/startup.o
 .group         0x00000000        0x8 ./Project_Settings/Startup_Code/startup.o
 .group         0x00000000        0x8 ./Project_Settings/Startup_Code/startup.o
 .group         0x00000000        0x8 ./Project_Settings/Startup_Code/startup.o
 .group         0x00000000        0x8 ./Project_Settings/Startup_Code/startup.o
 .group         0x00000000        0x8 ./Project_Settings/Startup_Code/startup.o
 .group         0x00000000        0x8 ./Project_Settings/Startup_Code/startup.o
 .group         0x00000000        0x8 ./Project_Settings/Startup_Code/startup.o
 .group         0x00000000        0x8 ./Project_Settings/Startup_Code/startup.o
 .group         0x00000000        0x8 ./Project_Settings/Startup_Code/startup.o
 .group         0x00000000        0x8 ./Project_Settings/Startup_Code/startup.o
 .group         0x00000000        0x8 ./Project_Settings/Startup_Code/startup.o
 .group         0x00000000        0x8 ./Project_Settings/Startup_Code/startup.o
 .group         0x00000000        0x8 ./Project_Settings/Startup_Code/startup.o
 .text          0x00000000        0x0 ./Project_Settings/Startup_Code/startup.o
 .data          0x00000000        0x0 ./Project_Settings/Startup_Code/startup.o
 .bss           0x00000000        0x0 ./Project_Settings/Startup_Code/startup.o
 .text.__init_hardware
                0x00000000        0x8 ./Project_Settings/Startup_Code/startup.o
 .text.__iar_program_start
                0x00000000        0xc ./Project_Settings/Startup_Code/startup.o
 .debug_macro   0x00000000      0x802 ./Project_Settings/Startup_Code/startup.o
 .debug_macro   0x00000000       0x16 ./Project_Settings/Startup_Code/startup.o
 .group         0x00000000        0x8 ./Generated_Code/Cpu.o
 .group         0x00000000        0x8 ./Generated_Code/Cpu.o
 .group         0x00000000        0x8 ./Generated_Code/Cpu.o
 .group         0x00000000        0x8 ./Generated_Code/Cpu.o
 .group         0x00000000        0x8 ./Generated_Code/Cpu.o
 .group         0x00000000        0x8 ./Generated_Code/Cpu.o
 .group         0x00000000        0x8 ./Generated_Code/Cpu.o
 .group         0x00000000        0x8 ./Generated_Code/Cpu.o
 .group         0x00000000        0x8 ./Generated_Code/Cpu.o
 .group         0x00000000        0x8 ./Generated_Code/Cpu.o
 .group         0x00000000        0x8 ./Generated_Code/Cpu.o
 .group         0x00000000        0x8 ./Generated_Code/Cpu.o
 .group         0x00000000        0x8 ./Generated_Code/Cpu.o
 .group         0x00000000        0x8 ./Generated_Code/Cpu.o
 .group         0x00000000        0x8 ./Generated_Code/Cpu.o
 .group         0x00000000        0x8 ./Generated_Code/Cpu.o
 .group         0x00000000        0x8 ./Generated_Code/Cpu.o
 .text          0x00000000        0x0 ./Generated_Code/Cpu.o
 .data          0x00000000        0x0 ./Generated_Code/Cpu.o
 .bss           0x00000000        0x0 ./Generated_Code/Cpu.o
 .rodata.MCGTransitionMatrix
                0x00000000       0x34 ./Generated_Code/Cpu.o
 .text.Cpu_SetMCGModePEE
                0x00000000       0xb8 ./Generated_Code/Cpu.o
 .text.Cpu_SetMCGModePBE
                0x00000000      0x1ec ./Generated_Code/Cpu.o
 .rodata.Cpu_SetMCGModePBE
                0x00000000       0x14 ./Generated_Code/Cpu.o
 .text.Cpu_SetMCGModeBLPE
                0x00000000       0x60 ./Generated_Code/Cpu.o
 .text.Cpu_SetMCGModeFBE
                0x00000000      0x24c ./Generated_Code/Cpu.o
 .rodata.Cpu_SetMCGModeFBE
                0x00000000       0x14 ./Generated_Code/Cpu.o
 .text.Cpu_SetMCGModeBLPI
                0x00000000       0x60 ./Generated_Code/Cpu.o
 .text.Cpu_SetMCGModeFBI
                0x00000000      0x24c ./Generated_Code/Cpu.o
 .rodata.Cpu_SetMCGModeFBI
                0x00000000       0x14 ./Generated_Code/Cpu.o
 .text.Cpu_SetMCGModeFEI
                0x00000000       0x9c ./Generated_Code/Cpu.o
 .text.Cpu_SetMCG
                0x00000000      0x110 ./Generated_Code/Cpu.o
 .rodata.Cpu_SetMCG
                0x00000000       0x30 ./Generated_Code/Cpu.o
 .text.Cpu_GetCurrentMCGMode
                0x00000000       0x7c ./Generated_Code/Cpu.o
 .text.Cpu_SetClockConfiguration
                0x00000000      0x254 ./Generated_Code/Cpu.o
 .rodata.Cpu_SetClockConfiguration
                0x00000000       0x14 ./Generated_Code/Cpu.o
 .debug_macro   0x00000000      0x802 ./Generated_Code/Cpu.o
 .debug_macro   0x00000000       0x16 ./Generated_Code/Cpu.o
 .debug_macro   0x00000000       0x44 ./Generated_Code/Cpu.o
 .debug_macro   0x00000000      0x209 ./Generated_Code/Cpu.o
 .debug_macro   0x00000000     0x1592 ./Generated_Code/Cpu.o
 .debug_macro   0x00000000      0x14e ./Generated_Code/Cpu.o
 .debug_macro   0x00000000       0x64 ./Generated_Code/Cpu.o
 .debug_macro   0x00000000     0x9005 ./Generated_Code/Cpu.o
 .debug_macro   0x00000000       0x94 ./Generated_Code/Cpu.o
 .debug_macro   0x00000000      0x1d6 ./Generated_Code/Cpu.o
 .debug_macro   0x00000000       0x97 ./Generated_Code/Cpu.o
 .debug_macro   0x00000000       0x46 ./Generated_Code/Cpu.o
 .debug_macro   0x00000000       0x32 ./Generated_Code/Cpu.o
 .debug_macro   0x00000000       0x22 ./Generated_Code/Cpu.o
 .debug_macro   0x00000000       0x22 ./Generated_Code/Cpu.o
 .debug_macro   0x00000000       0x30 ./Generated_Code/Cpu.o
 .group         0x00000000        0x8 ./Generated_Code/KSDK1.o
 .group         0x00000000        0x8 ./Generated_Code/KSDK1.o
 .group         0x00000000        0x8 ./Generated_Code/KSDK1.o
 .group         0x00000000        0x8 ./Generated_Code/KSDK1.o
 .group         0x00000000        0x8 ./Generated_Code/KSDK1.o
 .group         0x00000000        0x8 ./Generated_Code/KSDK1.o
 .group         0x00000000        0x8 ./Generated_Code/KSDK1.o
 .group         0x00000000        0x8 ./Generated_Code/KSDK1.o
 .group         0x00000000        0x8 ./Generated_Code/KSDK1.o
 .group         0x00000000        0x8 ./Generated_Code/KSDK1.o
 .group         0x00000000        0x8 ./Generated_Code/KSDK1.o
 .text          0x00000000        0x0 ./Generated_Code/KSDK1.o
 .data          0x00000000        0x0 ./Generated_Code/KSDK1.o
 .bss           0x00000000        0x0 ./Generated_Code/KSDK1.o
 .debug_info    0x00000000       0x84 ./Generated_Code/KSDK1.o
 .debug_abbrev  0x00000000       0x29 ./Generated_Code/KSDK1.o
 .debug_aranges
                0x00000000       0x18 ./Generated_Code/KSDK1.o
 .debug_macro   0x00000000       0x8b ./Generated_Code/KSDK1.o
 .debug_macro   0x00000000      0x802 ./Generated_Code/KSDK1.o
 .debug_macro   0x00000000       0x22 ./Generated_Code/KSDK1.o
 .debug_macro   0x00000000       0x16 ./Generated_Code/KSDK1.o
 .debug_macro   0x00000000       0x44 ./Generated_Code/KSDK1.o
 .debug_macro   0x00000000      0x209 ./Generated_Code/KSDK1.o
 .debug_macro   0x00000000       0x22 ./Generated_Code/KSDK1.o
 .debug_macro   0x00000000     0x1598 ./Generated_Code/KSDK1.o
 .debug_macro   0x00000000      0x14e ./Generated_Code/KSDK1.o
 .debug_macro   0x00000000       0x64 ./Generated_Code/KSDK1.o
 .debug_macro   0x00000000     0x9005 ./Generated_Code/KSDK1.o
 .debug_macro   0x00000000      0x213 ./Generated_Code/KSDK1.o
 .debug_line    0x00000000      0x20f ./Generated_Code/KSDK1.o
 .debug_str     0x00000000    0x371d5 ./Generated_Code/KSDK1.o
 .comment       0x00000000       0x71 ./Generated_Code/KSDK1.o
 .ARM.attributes
                0x00000000       0x32 ./Generated_Code/KSDK1.o
 .group         0x00000000        0x8 ./Generated_Code/PE_LDD.o
 .group         0x00000000        0x8 ./Generated_Code/PE_LDD.o
 .group         0x00000000        0x8 ./Generated_Code/PE_LDD.o
 .group         0x00000000        0x8 ./Generated_Code/PE_LDD.o
 .group         0x00000000        0x8 ./Generated_Code/PE_LDD.o
 .group         0x00000000        0x8 ./Generated_Code/PE_LDD.o
 .group         0x00000000        0x8 ./Generated_Code/PE_LDD.o
 .group         0x00000000        0x8 ./Generated_Code/PE_LDD.o
 .group         0x00000000        0x8 ./Generated_Code/PE_LDD.o
 .group         0x00000000        0x8 ./Generated_Code/PE_LDD.o
 .group         0x00000000        0x8 ./Generated_Code/PE_LDD.o
 .group         0x00000000        0x8 ./Generated_Code/PE_LDD.o
 .group         0x00000000        0x8 ./Generated_Code/PE_LDD.o
 .group         0x00000000        0x8 ./Generated_Code/PE_LDD.o
 .group         0x00000000        0x8 ./Generated_Code/PE_LDD.o
 .group         0x00000000        0x8 ./Generated_Code/PE_LDD.o
 .group         0x00000000        0x8 ./Generated_Code/PE_LDD.o
 .text          0x00000000        0x0 ./Generated_Code/PE_LDD.o
 .data          0x00000000        0x0 ./Generated_Code/PE_LDD.o
 .bss           0x00000000        0x0 ./Generated_Code/PE_LDD.o
 .rodata.PE_CpuClockConfigurations
                0x00000000       0xc8 ./Generated_Code/PE_LDD.o
 .text.PE_FillMemory
                0x00000000       0x24 ./Generated_Code/PE_LDD.o
 .text.PE_PeripheralUsed
                0x00000000       0x38 ./Generated_Code/PE_LDD.o
 .text.LDD_SetClockConfiguration
                0x00000000       0x48 ./Generated_Code/PE_LDD.o
 .debug_macro   0x00000000      0x802 ./Generated_Code/PE_LDD.o
 .debug_macro   0x00000000       0x16 ./Generated_Code/PE_LDD.o
 .debug_macro   0x00000000       0x44 ./Generated_Code/PE_LDD.o
 .debug_macro   0x00000000      0x209 ./Generated_Code/PE_LDD.o
 .debug_macro   0x00000000     0x1592 ./Generated_Code/PE_LDD.o
 .debug_macro   0x00000000      0x14e ./Generated_Code/PE_LDD.o
 .debug_macro   0x00000000       0x64 ./Generated_Code/PE_LDD.o
 .debug_macro   0x00000000     0x9005 ./Generated_Code/PE_LDD.o
 .debug_macro   0x00000000       0x94 ./Generated_Code/PE_LDD.o
 .debug_macro   0x00000000      0x1d6 ./Generated_Code/PE_LDD.o
 .debug_macro   0x00000000      0x213 ./Generated_Code/PE_LDD.o
 .debug_macro   0x00000000       0x97 ./Generated_Code/PE_LDD.o
 .debug_macro   0x00000000       0x46 ./Generated_Code/PE_LDD.o
 .debug_macro   0x00000000       0x32 ./Generated_Code/PE_LDD.o
 .debug_macro   0x00000000       0x22 ./Generated_Code/PE_LDD.o
 .debug_macro   0x00000000       0x22 ./Generated_Code/PE_LDD.o
 .debug_macro   0x00000000       0x30 ./Generated_Code/PE_LDD.o
 .group         0x00000000        0x8 ./Generated_Code/Pwm1.o
 .group         0x00000000        0x8 ./Generated_Code/Pwm1.o
 .group         0x00000000        0x8 ./Generated_Code/Pwm1.o
 .group         0x00000000        0x8 ./Generated_Code/Pwm1.o
 .group         0x00000000        0x8 ./Generated_Code/Pwm1.o
 .group         0x00000000        0x8 ./Generated_Code/Pwm1.o
 .group         0x00000000        0x8 ./Generated_Code/Pwm1.o
 .group         0x00000000        0x8 ./Generated_Code/Pwm1.o
 .group         0x00000000        0x8 ./Generated_Code/Pwm1.o
 .group         0x00000000        0x8 ./Generated_Code/Pwm1.o
 .group         0x00000000        0x8 ./Generated_Code/Pwm1.o
 .group         0x00000000        0x8 ./Generated_Code/Pwm1.o
 .group         0x00000000        0x8 ./Generated_Code/Pwm1.o
 .group         0x00000000        0x8 ./Generated_Code/Pwm1.o
 .text          0x00000000        0x0 ./Generated_Code/Pwm1.o
 .data          0x00000000        0x0 ./Generated_Code/Pwm1.o
 .bss           0x00000000        0x0 ./Generated_Code/Pwm1.o
 .debug_info    0x00000000       0x7d ./Generated_Code/Pwm1.o
 .debug_abbrev  0x00000000       0x29 ./Generated_Code/Pwm1.o
 .debug_aranges
                0x00000000       0x18 ./Generated_Code/Pwm1.o
 .debug_macro   0x00000000       0xc4 ./Generated_Code/Pwm1.o
 .debug_macro   0x00000000      0x802 ./Generated_Code/Pwm1.o
 .debug_macro   0x00000000       0x16 ./Generated_Code/Pwm1.o
 .debug_macro   0x00000000       0x44 ./Generated_Code/Pwm1.o
 .debug_macro   0x00000000      0x209 ./Generated_Code/Pwm1.o
 .debug_macro   0x00000000     0x1592 ./Generated_Code/Pwm1.o
 .debug_macro   0x00000000      0x14e ./Generated_Code/Pwm1.o
 .debug_macro   0x00000000       0x64 ./Generated_Code/Pwm1.o
 .debug_macro   0x00000000     0x9005 ./Generated_Code/Pwm1.o
 .debug_macro   0x00000000       0x94 ./Generated_Code/Pwm1.o
 .debug_macro   0x00000000      0x1d6 ./Generated_Code/Pwm1.o
 .debug_macro   0x00000000      0x213 ./Generated_Code/Pwm1.o
 .debug_macro   0x00000000       0x97 ./Generated_Code/Pwm1.o
 .debug_macro   0x00000000       0x46 ./Generated_Code/Pwm1.o
 .debug_macro   0x00000000       0x32 ./Generated_Code/Pwm1.o
 .debug_line    0x00000000      0x281 ./Generated_Code/Pwm1.o
 .debug_str     0x00000000    0x3965e ./Generated_Code/Pwm1.o
 .comment       0x00000000       0x71 ./Generated_Code/Pwm1.o
 .ARM.attributes
                0x00000000       0x32 ./Generated_Code/Pwm1.o
 .group         0x00000000        0x8 ./Generated_Code/PwmLdd1.o
 .group         0x00000000        0x8 ./Generated_Code/PwmLdd1.o
 .group         0x00000000        0x8 ./Generated_Code/PwmLdd1.o
 .group         0x00000000        0x8 ./Generated_Code/PwmLdd1.o
 .group         0x00000000        0x8 ./Generated_Code/PwmLdd1.o
 .group         0x00000000        0x8 ./Generated_Code/PwmLdd1.o
 .group         0x00000000        0x8 ./Generated_Code/PwmLdd1.o
 .group         0x00000000        0x8 ./Generated_Code/PwmLdd1.o
 .group         0x00000000        0x8 ./Generated_Code/PwmLdd1.o
 .group         0x00000000        0x8 ./Generated_Code/PwmLdd1.o
 .group         0x00000000        0x8 ./Generated_Code/PwmLdd1.o
 .group         0x00000000        0x8 ./Generated_Code/PwmLdd1.o
 .group         0x00000000        0x8 ./Generated_Code/PwmLdd1.o
 .text          0x00000000        0x0 ./Generated_Code/PwmLdd1.o
 .data          0x00000000        0x0 ./Generated_Code/PwmLdd1.o
 .bss           0x00000000        0x0 ./Generated_Code/PwmLdd1.o
 .text.PwmLdd1_Enable
                0x00000000       0x3c ./Generated_Code/PwmLdd1.o
 .text.PwmLdd1_Disable
                0x00000000       0x44 ./Generated_Code/PwmLdd1.o
 .text.PwmLdd1_SetRatio16
                0x00000000       0x38 ./Generated_Code/PwmLdd1.o
 .text.PwmLdd1_SetDutyMS
                0x00000000       0x84 ./Generated_Code/PwmLdd1.o
 .debug_macro   0x00000000      0x802 ./Generated_Code/PwmLdd1.o
 .debug_macro   0x00000000       0x16 ./Generated_Code/PwmLdd1.o
 .debug_macro   0x00000000       0x44 ./Generated_Code/PwmLdd1.o
 .debug_macro   0x00000000      0x209 ./Generated_Code/PwmLdd1.o
 .debug_macro   0x00000000     0x1592 ./Generated_Code/PwmLdd1.o
 .debug_macro   0x00000000      0x14e ./Generated_Code/PwmLdd1.o
 .debug_macro   0x00000000       0x64 ./Generated_Code/PwmLdd1.o
 .debug_macro   0x00000000     0x9005 ./Generated_Code/PwmLdd1.o
 .debug_macro   0x00000000       0x94 ./Generated_Code/PwmLdd1.o
 .debug_macro   0x00000000      0x1d6 ./Generated_Code/PwmLdd1.o
 .debug_macro   0x00000000      0x213 ./Generated_Code/PwmLdd1.o
 .debug_macro   0x00000000       0x97 ./Generated_Code/PwmLdd1.o
 .debug_macro   0x00000000       0x46 ./Generated_Code/PwmLdd1.o
 .group         0x00000000        0x8 ./Generated_Code/SERVO1.o
 .group         0x00000000        0x8 ./Generated_Code/SERVO1.o
 .group         0x00000000        0x8 ./Generated_Code/SERVO1.o
 .group         0x00000000        0x8 ./Generated_Code/SERVO1.o
 .group         0x00000000        0x8 ./Generated_Code/SERVO1.o
 .group         0x00000000        0x8 ./Generated_Code/SERVO1.o
 .group         0x00000000        0x8 ./Generated_Code/SERVO1.o
 .group         0x00000000        0x8 ./Generated_Code/SERVO1.o
 .group         0x00000000        0x8 ./Generated_Code/SERVO1.o
 .group         0x00000000        0x8 ./Generated_Code/SERVO1.o
 .group         0x00000000        0x8 ./Generated_Code/SERVO1.o
 .group         0x00000000        0x8 ./Generated_Code/SERVO1.o
 .group         0x00000000        0x8 ./Generated_Code/SERVO1.o
 .group         0x00000000        0x8 ./Generated_Code/SERVO1.o
 .text          0x00000000        0x0 ./Generated_Code/SERVO1.o
 .data          0x00000000        0x0 ./Generated_Code/SERVO1.o
 .bss           0x00000000        0x0 ./Generated_Code/SERVO1.o
 .text.SERVO1_PWMusToPos8
                0x00000000       0x84 ./Generated_Code/SERVO1.o
 .debug_macro   0x00000000      0x802 ./Generated_Code/SERVO1.o
 .debug_macro   0x00000000       0x16 ./Generated_Code/SERVO1.o
 .debug_macro   0x00000000       0x44 ./Generated_Code/SERVO1.o
 .debug_macro   0x00000000      0x209 ./Generated_Code/SERVO1.o
 .debug_macro   0x00000000     0x1592 ./Generated_Code/SERVO1.o
 .debug_macro   0x00000000      0x14e ./Generated_Code/SERVO1.o
 .debug_macro   0x00000000       0x64 ./Generated_Code/SERVO1.o
 .debug_macro   0x00000000     0x9005 ./Generated_Code/SERVO1.o
 .debug_macro   0x00000000       0x94 ./Generated_Code/SERVO1.o
 .debug_macro   0x00000000      0x1d6 ./Generated_Code/SERVO1.o
 .debug_macro   0x00000000      0x213 ./Generated_Code/SERVO1.o
 .debug_macro   0x00000000       0x97 ./Generated_Code/SERVO1.o
 .debug_macro   0x00000000       0x46 ./Generated_Code/SERVO1.o
 .debug_macro   0x00000000       0x32 ./Generated_Code/SERVO1.o
 .group         0x00000000        0x8 ./Generated_Code/SERVO1_TimerUnit.o
 .group         0x00000000        0x8 ./Generated_Code/SERVO1_TimerUnit.o
 .group         0x00000000        0x8 ./Generated_Code/SERVO1_TimerUnit.o
 .group         0x00000000        0x8 ./Generated_Code/SERVO1_TimerUnit.o
 .group         0x00000000        0x8 ./Generated_Code/SERVO1_TimerUnit.o
 .group         0x00000000        0x8 ./Generated_Code/SERVO1_TimerUnit.o
 .group         0x00000000        0x8 ./Generated_Code/SERVO1_TimerUnit.o
 .group         0x00000000        0x8 ./Generated_Code/SERVO1_TimerUnit.o
 .group         0x00000000        0x8 ./Generated_Code/SERVO1_TimerUnit.o
 .group         0x00000000        0x8 ./Generated_Code/SERVO1_TimerUnit.o
 .group         0x00000000        0x8 ./Generated_Code/SERVO1_TimerUnit.o
 .group         0x00000000        0x8 ./Generated_Code/SERVO1_TimerUnit.o
 .text          0x00000000        0x0 ./Generated_Code/SERVO1_TimerUnit.o
 .data          0x00000000        0x0 ./Generated_Code/SERVO1_TimerUnit.o
 .bss           0x00000000        0x0 ./Generated_Code/SERVO1_TimerUnit.o
 .rodata.ChannelDevice
                0x00000000        0x4 ./Generated_Code/SERVO1_TimerUnit.o
 .rodata.ChannelMode
                0x00000000        0x4 ./Generated_Code/SERVO1_TimerUnit.o
 .text.SERVO1_TimerUnit_Enable
                0x00000000       0x38 ./Generated_Code/SERVO1_TimerUnit.o
 .text.SERVO1_TimerUnit_Disable
                0x00000000       0x38 ./Generated_Code/SERVO1_TimerUnit.o
 .text.SERVO1_TimerUnit_ResetCounter
                0x00000000       0x2c ./Generated_Code/SERVO1_TimerUnit.o
 .text.SERVO1_TimerUnit_GetCounterValue
                0x00000000       0x1c ./Generated_Code/SERVO1_TimerUnit.o
 .text.SERVO1_TimerUnit_GetOffsetTicks
                0x00000000       0x5c ./Generated_Code/SERVO1_TimerUnit.o
 .text.SERVO1_TimerUnit_SelectOutputAction
                0x00000000      0x1e0 ./Generated_Code/SERVO1_TimerUnit.o
 .debug_macro   0x00000000      0x802 ./Generated_Code/SERVO1_TimerUnit.o
 .debug_macro   0x00000000       0x16 ./Generated_Code/SERVO1_TimerUnit.o
 .debug_macro   0x00000000       0x44 ./Generated_Code/SERVO1_TimerUnit.o
 .debug_macro   0x00000000      0x209 ./Generated_Code/SERVO1_TimerUnit.o
 .debug_macro   0x00000000     0x1592 ./Generated_Code/SERVO1_TimerUnit.o
 .debug_macro   0x00000000      0x14e ./Generated_Code/SERVO1_TimerUnit.o
 .debug_macro   0x00000000       0x64 ./Generated_Code/SERVO1_TimerUnit.o
 .debug_macro   0x00000000     0x9005 ./Generated_Code/SERVO1_TimerUnit.o
 .debug_macro   0x00000000       0x94 ./Generated_Code/SERVO1_TimerUnit.o
 .debug_macro   0x00000000      0x1d6 ./Generated_Code/SERVO1_TimerUnit.o
 .debug_macro   0x00000000      0x213 ./Generated_Code/SERVO1_TimerUnit.o
 .debug_macro   0x00000000       0x97 ./Generated_Code/SERVO1_TimerUnit.o
 .group         0x00000000        0x8 ./Generated_Code/Vectors.o
 .group         0x00000000        0x8 ./Generated_Code/Vectors.o
 .group         0x00000000        0x8 ./Generated_Code/Vectors.o
 .group         0x00000000        0x8 ./Generated_Code/Vectors.o
 .group         0x00000000        0x8 ./Generated_Code/Vectors.o
 .group         0x00000000        0x8 ./Generated_Code/Vectors.o
 .group         0x00000000        0x8 ./Generated_Code/Vectors.o
 .group         0x00000000        0x8 ./Generated_Code/Vectors.o
 .group         0x00000000        0x8 ./Generated_Code/Vectors.o
 .group         0x00000000        0x8 ./Generated_Code/Vectors.o
 .group         0x00000000        0x8 ./Generated_Code/Vectors.o
 .group         0x00000000        0x8 ./Generated_Code/Vectors.o
 .group         0x00000000        0x8 ./Generated_Code/Vectors.o
 .group         0x00000000        0x8 ./Generated_Code/Vectors.o
 .group         0x00000000        0x8 ./Generated_Code/Vectors.o
 .group         0x00000000        0x8 ./Generated_Code/Vectors.o
 .group         0x00000000        0x8 ./Generated_Code/Vectors.o
 .text          0x00000000        0x0 ./Generated_Code/Vectors.o
 .data          0x00000000        0x0 ./Generated_Code/Vectors.o
 .bss           0x00000000        0x0 ./Generated_Code/Vectors.o
 .debug_macro   0x00000000      0x802 ./Generated_Code/Vectors.o
 .debug_macro   0x00000000       0x16 ./Generated_Code/Vectors.o
 .debug_macro   0x00000000       0x44 ./Generated_Code/Vectors.o
 .debug_macro   0x00000000      0x209 ./Generated_Code/Vectors.o
 .debug_macro   0x00000000     0x1592 ./Generated_Code/Vectors.o
 .debug_macro   0x00000000      0x14e ./Generated_Code/Vectors.o
 .debug_macro   0x00000000       0x64 ./Generated_Code/Vectors.o
 .debug_macro   0x00000000     0x9005 ./Generated_Code/Vectors.o
 .debug_macro   0x00000000      0x20d ./Generated_Code/Vectors.o
 .debug_macro   0x00000000       0x94 ./Generated_Code/Vectors.o
 .debug_macro   0x00000000      0x1d6 ./Generated_Code/Vectors.o
 .debug_macro   0x00000000       0x97 ./Generated_Code/Vectors.o
 .debug_macro   0x00000000       0x46 ./Generated_Code/Vectors.o
 .debug_macro   0x00000000       0x32 ./Generated_Code/Vectors.o
 .debug_macro   0x00000000       0x22 ./Generated_Code/Vectors.o
 .debug_macro   0x00000000       0x22 ./Generated_Code/Vectors.o
 .debug_macro   0x00000000       0x30 ./Generated_Code/Vectors.o
 .group         0x00000000        0x8 ./Generated_Code/WAIT1.o
 .group         0x00000000        0x8 ./Generated_Code/WAIT1.o
 .group         0x00000000        0x8 ./Generated_Code/WAIT1.o
 .group         0x00000000        0x8 ./Generated_Code/WAIT1.o
 .group         0x00000000        0x8 ./Generated_Code/WAIT1.o
 .group         0x00000000        0x8 ./Generated_Code/WAIT1.o
 .group         0x00000000        0x8 ./Generated_Code/WAIT1.o
 .group         0x00000000        0x8 ./Generated_Code/WAIT1.o
 .group         0x00000000        0x8 ./Generated_Code/WAIT1.o
 .group         0x00000000        0x8 ./Generated_Code/WAIT1.o
 .group         0x00000000        0x8 ./Generated_Code/WAIT1.o
 .group         0x00000000        0x8 ./Generated_Code/WAIT1.o
 .text          0x00000000        0x0 ./Generated_Code/WAIT1.o
 .data          0x00000000        0x0 ./Generated_Code/WAIT1.o
 .bss           0x00000000        0x0 ./Generated_Code/WAIT1.o
 .debug_macro   0x00000000      0x802 ./Generated_Code/WAIT1.o
 .debug_macro   0x00000000       0x22 ./Generated_Code/WAIT1.o
 .debug_macro   0x00000000       0x16 ./Generated_Code/WAIT1.o
 .debug_macro   0x00000000       0x44 ./Generated_Code/WAIT1.o
 .debug_macro   0x00000000      0x209 ./Generated_Code/WAIT1.o
 .debug_macro   0x00000000       0x22 ./Generated_Code/WAIT1.o
 .debug_macro   0x00000000     0x1598 ./Generated_Code/WAIT1.o
 .debug_macro   0x00000000      0x14e ./Generated_Code/WAIT1.o
 .debug_macro   0x00000000       0x64 ./Generated_Code/WAIT1.o
 .debug_macro   0x00000000     0x9005 ./Generated_Code/WAIT1.o
 .debug_macro   0x00000000      0x213 ./Generated_Code/WAIT1.o
 .debug_macro   0x00000000       0x30 ./Generated_Code/WAIT1.o
 .data          0x00000000        0x0 /opt/Freescale/KDS_v3/toolchain/bin/../lib/gcc/arm-none-eabi/4.8.4/armv6-m/libgcc.a(_udivsi3.o)
 .bss           0x00000000        0x0 /opt/Freescale/KDS_v3/toolchain/bin/../lib/gcc/arm-none-eabi/4.8.4/armv6-m/libgcc.a(_udivsi3.o)
 .data          0x00000000        0x0 /opt/Freescale/KDS_v3/toolchain/bin/../lib/gcc/arm-none-eabi/4.8.4/armv6-m/libgcc.a(_dvmd_tls.o)
 .bss           0x00000000        0x0 /opt/Freescale/KDS_v3/toolchain/bin/../lib/gcc/arm-none-eabi/4.8.4/armv6-m/libgcc.a(_dvmd_tls.o)
 .data          0x00000000        0x0 /opt/Freescale/KDS_v3/toolchain/bin/../lib/gcc/arm-none-eabi/4.8.4/armv6-m/libgcc.a(_arm_cmpsf2.o)
 .bss           0x00000000        0x0 /opt/Freescale/KDS_v3/toolchain/bin/../lib/gcc/arm-none-eabi/4.8.4/armv6-m/libgcc.a(_arm_cmpsf2.o)
 .data          0x00000000        0x0 /opt/Freescale/KDS_v3/toolchain/bin/../lib/gcc/arm-none-eabi/4.8.4/armv6-m/libgcc.a(_fixunssfsi.o)
 .bss           0x00000000        0x0 /opt/Freescale/KDS_v3/toolchain/bin/../lib/gcc/arm-none-eabi/4.8.4/armv6-m/libgcc.a(_fixunssfsi.o)
 .data          0x00000000        0x0 /opt/Freescale/KDS_v3/toolchain/bin/../lib/gcc/arm-none-eabi/4.8.4/armv6-m/libgcc.a(eqsf2.o)
 .bss           0x00000000        0x0 /opt/Freescale/KDS_v3/toolchain/bin/../lib/gcc/arm-none-eabi/4.8.4/armv6-m/libgcc.a(eqsf2.o)
 .data          0x00000000        0x0 /opt/Freescale/KDS_v3/toolchain/bin/../lib/gcc/arm-none-eabi/4.8.4/armv6-m/libgcc.a(gesf2.o)
 .bss           0x00000000        0x0 /opt/Freescale/KDS_v3/toolchain/bin/../lib/gcc/arm-none-eabi/4.8.4/armv6-m/libgcc.a(gesf2.o)
 .data          0x00000000        0x0 /opt/Freescale/KDS_v3/toolchain/bin/../lib/gcc/arm-none-eabi/4.8.4/armv6-m/libgcc.a(lesf2.o)
 .bss           0x00000000        0x0 /opt/Freescale/KDS_v3/toolchain/bin/../lib/gcc/arm-none-eabi/4.8.4/armv6-m/libgcc.a(lesf2.o)
 .data          0x00000000        0x0 /opt/Freescale/KDS_v3/toolchain/bin/../lib/gcc/arm-none-eabi/4.8.4/armv6-m/libgcc.a(mulsf3.o)
 .bss           0x00000000        0x0 /opt/Freescale/KDS_v3/toolchain/bin/../lib/gcc/arm-none-eabi/4.8.4/armv6-m/libgcc.a(mulsf3.o)
 .data          0x00000000        0x0 /opt/Freescale/KDS_v3/toolchain/bin/../lib/gcc/arm-none-eabi/4.8.4/armv6-m/libgcc.a(subsf3.o)
 .bss           0x00000000        0x0 /opt/Freescale/KDS_v3/toolchain/bin/../lib/gcc/arm-none-eabi/4.8.4/armv6-m/libgcc.a(subsf3.o)
 .data          0x00000000        0x0 /opt/Freescale/KDS_v3/toolchain/bin/../lib/gcc/arm-none-eabi/4.8.4/armv6-m/libgcc.a(fixsfsi.o)
 .bss           0x00000000        0x0 /opt/Freescale/KDS_v3/toolchain/bin/../lib/gcc/arm-none-eabi/4.8.4/armv6-m/libgcc.a(fixsfsi.o)
 .data          0x00000000        0x0 /opt/Freescale/KDS_v3/toolchain/bin/../lib/gcc/arm-none-eabi/4.8.4/armv6-m/libgcc.a(floatsisf.o)
 .bss           0x00000000        0x0 /opt/Freescale/KDS_v3/toolchain/bin/../lib/gcc/arm-none-eabi/4.8.4/armv6-m/libgcc.a(floatsisf.o)
 .data          0x00000000        0x0 /opt/Freescale/KDS_v3/toolchain/bin/../lib/gcc/arm-none-eabi/4.8.4/armv6-m/libgcc.a(_clzsi2.o)
 .bss           0x00000000        0x0 /opt/Freescale/KDS_v3/toolchain/bin/../lib/gcc/arm-none-eabi/4.8.4/armv6-m/libgcc.a(_clzsi2.o)
 .text          0x00000000        0x0 /opt/Freescale/KDS_v3/toolchain/bin/../lib/gcc/arm-none-eabi/4.8.4/../../../../arm-none-eabi/lib/armv6-m/libg_s.a(lib_a-exit.o)
 .data          0x00000000        0x0 /opt/Freescale/KDS_v3/toolchain/bin/../lib/gcc/arm-none-eabi/4.8.4/../../../../arm-none-eabi/lib/armv6-m/libg_s.a(lib_a-exit.o)
 .bss           0x00000000        0x0 /opt/Freescale/KDS_v3/toolchain/bin/../lib/gcc/arm-none-eabi/4.8.4/../../../../arm-none-eabi/lib/armv6-m/libg_s.a(lib_a-exit.o)
 .text          0x00000000        0x0 /opt/Freescale/KDS_v3/toolchain/bin/../lib/gcc/arm-none-eabi/4.8.4/../../../../arm-none-eabi/lib/armv6-m/libg_s.a(lib_a-impure.o)
 .data          0x00000000        0x0 /opt/Freescale/KDS_v3/toolchain/bin/../lib/gcc/arm-none-eabi/4.8.4/../../../../arm-none-eabi/lib/armv6-m/libg_s.a(lib_a-impure.o)
 .bss           0x00000000        0x0 /opt/Freescale/KDS_v3/toolchain/bin/../lib/gcc/arm-none-eabi/4.8.4/../../../../arm-none-eabi/lib/armv6-m/libg_s.a(lib_a-impure.o)
 .data._impure_ptr
                0x00000000        0x4 /opt/Freescale/KDS_v3/toolchain/bin/../lib/gcc/arm-none-eabi/4.8.4/../../../../arm-none-eabi/lib/armv6-m/libg_s.a(lib_a-impure.o)
 .text          0x00000000        0x0 /opt/Freescale/KDS_v3/toolchain/bin/../lib/gcc/arm-none-eabi/4.8.4/../../../../arm-none-eabi/lib/armv6-m/libg_s.a(lib_a-init.o)
 .data          0x00000000        0x0 /opt/Freescale/KDS_v3/toolchain/bin/../lib/gcc/arm-none-eabi/4.8.4/../../../../arm-none-eabi/lib/armv6-m/libg_s.a(lib_a-init.o)
 .bss           0x00000000        0x0 /opt/Freescale/KDS_v3/toolchain/bin/../lib/gcc/arm-none-eabi/4.8.4/../../../../arm-none-eabi/lib/armv6-m/libg_s.a(lib_a-init.o)
 .text          0x00000000        0x0 /opt/Freescale/KDS_v3/toolchain/bin/../lib/gcc/arm-none-eabi/4.8.4/../../../../arm-none-eabi/lib/armv6-m/libg_s.a(lib_a-memset.o)
 .data          0x00000000        0x0 /opt/Freescale/KDS_v3/toolchain/bin/../lib/gcc/arm-none-eabi/4.8.4/../../../../arm-none-eabi/lib/armv6-m/libg_s.a(lib_a-memset.o)
 .bss           0x00000000        0x0 /opt/Freescale/KDS_v3/toolchain/bin/../lib/gcc/arm-none-eabi/4.8.4/../../../../arm-none-eabi/lib/armv6-m/libg_s.a(lib_a-memset.o)
 .text          0x00000000        0x0 /opt/Freescale/KDS_v3/toolchain/bin/../lib/gcc/arm-none-eabi/4.8.4/../../../../arm-none-eabi/lib/armv6-m/libnosys.a(_exit.o)
 .data          0x00000000        0x0 /opt/Freescale/KDS_v3/toolchain/bin/../lib/gcc/arm-none-eabi/4.8.4/../../../../arm-none-eabi/lib/armv6-m/libnosys.a(_exit.o)
 .bss           0x00000000        0x0 /opt/Freescale/KDS_v3/toolchain/bin/../lib/gcc/arm-none-eabi/4.8.4/../../../../arm-none-eabi/lib/armv6-m/libnosys.a(_exit.o)
 .text          0x00000000        0x0 /opt/Freescale/KDS_v3/toolchain/bin/../lib/gcc/arm-none-eabi/4.8.4/armv6-m/crtend.o
 .data          0x00000000        0x0 /opt/Freescale/KDS_v3/toolchain/bin/../lib/gcc/arm-none-eabi/4.8.4/armv6-m/crtend.o
 .bss           0x00000000        0x0 /opt/Freescale/KDS_v3/toolchain/bin/../lib/gcc/arm-none-eabi/4.8.4/armv6-m/crtend.o
 .eh_frame      0x00000000        0x4 /opt/Freescale/KDS_v3/toolchain/bin/../lib/gcc/arm-none-eabi/4.8.4/armv6-m/crtend.o
 .jcr           0x00000000        0x4 /opt/Freescale/KDS_v3/toolchain/bin/../lib/gcc/arm-none-eabi/4.8.4/armv6-m/crtend.o
 .ARM.attributes
                0x00000000       0x2c /opt/Freescale/KDS_v3/toolchain/bin/../lib/gcc/arm-none-eabi/4.8.4/armv6-m/crtend.o
 .text          0x00000000        0x0 /opt/Freescale/KDS_v3/toolchain/bin/../lib/gcc/arm-none-eabi/4.8.4/armv6-m/crtn.o
 .data          0x00000000        0x0 /opt/Freescale/KDS_v3/toolchain/bin/../lib/gcc/arm-none-eabi/4.8.4/armv6-m/crtn.o
 .bss           0x00000000        0x0 /opt/Freescale/KDS_v3/toolchain/bin/../lib/gcc/arm-none-eabi/4.8.4/armv6-m/crtn.o

Memory Configuration

Name             Origin             Length             Attributes
m_interrupts     0x00000000         0x000000c0         xr
m_text           0x00000410         0x0003fbf0         xr
m_data           0x1fffe000         0x00008000         rw
m_cfmprotrom     0x00000400         0x00000010         xr
*default*        0x00000000         0xffffffff

Linker script and memory map

LOAD /opt/Freescale/KDS_v3/toolchain/bin/../lib/gcc/arm-none-eabi/4.8.4/armv6-m/crti.o
LOAD /opt/Freescale/KDS_v3/toolchain/bin/../lib/gcc/arm-none-eabi/4.8.4/armv6-m/crtbegin.o
LOAD /opt/Freescale/KDS_v3/toolchain/bin/../lib/gcc/arm-none-eabi/4.8.4/../../../../arm-none-eabi/lib/armv6-m/crt0.o
LOAD ./Sources/Events.o
LOAD ./Sources/main.o
LOAD ./Project_Settings/Startup_Code/startup.o
LOAD ./Generated_Code/Cpu.o
LOAD ./Generated_Code/KSDK1.o
LOAD ./Generated_Code/PE_LDD.o
LOAD ./Generated_Code/Pwm1.o
LOAD ./Generated_Code/PwmLdd1.o
LOAD ./Generated_Code/SERVO1.o
LOAD ./Generated_Code/SERVO1_TimerUnit.o
LOAD ./Generated_Code/Vectors.o
LOAD ./Generated_Code/WAIT1.o
LOAD /opt/Freescale/KDS_v3/toolchain/bin/../lib/gcc/arm-none-eabi/4.8.4/../../../../arm-none-eabi/lib/armv6-m/libstdc++_s.a
LOAD /opt/Freescale/KDS_v3/toolchain/bin/../lib/gcc/arm-none-eabi/4.8.4/../../../../arm-none-eabi/lib/armv6-m/libm.a
START GROUP
LOAD /opt/Freescale/KDS_v3/toolchain/bin/../lib/gcc/arm-none-eabi/4.8.4/armv6-m/libgcc.a
LOAD /opt/Freescale/KDS_v3/toolchain/bin/../lib/gcc/arm-none-eabi/4.8.4/../../../../arm-none-eabi/lib/armv6-m/libg_s.a
LOAD /opt/Freescale/KDS_v3/toolchain/bin/../lib/gcc/arm-none-eabi/4.8.4/../../../../arm-none-eabi/lib/armv6-m/libc_s.a
END GROUP
START GROUP
LOAD /opt/Freescale/KDS_v3/toolchain/bin/../lib/gcc/arm-none-eabi/4.8.4/armv6-m/libgcc.a
LOAD /opt/Freescale/KDS_v3/toolchain/bin/../lib/gcc/arm-none-eabi/4.8.4/../../../../arm-none-eabi/lib/armv6-m/libc_s.a
LOAD /opt/Freescale/KDS_v3/toolchain/bin/../lib/gcc/arm-none-eabi/4.8.4/../../../../arm-none-eabi/lib/armv6-m/libnosys.a
END GROUP
START GROUP
LOAD /opt/Freescale/KDS_v3/toolchain/bin/../lib/gcc/arm-none-eabi/4.8.4/armv6-m/libgcc.a
LOAD /opt/Freescale/KDS_v3/toolchain/bin/../lib/gcc/arm-none-eabi/4.8.4/../../../../arm-none-eabi/lib/armv6-m/libc_s.a
LOAD /opt/Freescale/KDS_v3/toolchain/bin/../lib/gcc/arm-none-eabi/4.8.4/../../../../arm-none-eabi/lib/armv6-m/libnosys.a
END GROUP
LOAD /opt/Freescale/KDS_v3/toolchain/bin/../lib/gcc/arm-none-eabi/4.8.4/armv6-m/crtend.o
LOAD /opt/Freescale/KDS_v3/toolchain/bin/../lib/gcc/arm-none-eabi/4.8.4/armv6-m/crtn.o
                0x20006000                _estack = 0x20006000
                0x20006000                __SP_INIT = _estack
                0x20006000                __stack = _estack
                0x00000000                __heap_size = 0x0
                0x00000400                __stack_size = 0x400

.interrupts     0x00000000       0xc0
                0x00000000                __vector_table = .
                0x00000000                . = ALIGN (0x4)
 *(.vectortable)
 .vectortable   0x00000000       0xc0 ./Generated_Code/Vectors.o
                0x00000000                __vect_table
                0x000000c0                . = ALIGN (0x4)

.cfmprotect     0x00000400       0x10
                0x00000400                . = ALIGN (0x4)
 *(.cfmconfig)
 .cfmconfig     0x00000400       0x10 ./Generated_Code/Cpu.o
                0x00000400                _cfm
                0x00000410                . = ALIGN (0x4)

.text           0x00000410     0x1514
                0x00000410                . = ALIGN (0x4)
 *(.text)
 .text          0x00000410       0x60 /opt/Freescale/KDS_v3/toolchain/bin/../lib/gcc/arm-none-eabi/4.8.4/armv6-m/crtbegin.o
 .text          0x00000470       0x78 /opt/Freescale/KDS_v3/toolchain/bin/../lib/gcc/arm-none-eabi/4.8.4/../../../../arm-none-eabi/lib/armv6-m/crt0.o
                0x00000470                _mainCRTStartup
                0x00000470                _start
 .text          0x000004e8       0x9c /opt/Freescale/KDS_v3/toolchain/bin/../lib/gcc/arm-none-eabi/4.8.4/armv6-m/libgcc.a(_udivsi3.o)
                0x000004e8                __udivsi3
                0x000004e8                __aeabi_uidiv
                0x00000570                __aeabi_uidivmod
 .text          0x00000584        0x4 /opt/Freescale/KDS_v3/toolchain/bin/../lib/gcc/arm-none-eabi/4.8.4/armv6-m/libgcc.a(_dvmd_tls.o)
                0x00000584                __aeabi_ldiv0
                0x00000584                __aeabi_idiv0
 .text          0x00000588       0x74 /opt/Freescale/KDS_v3/toolchain/bin/../lib/gcc/arm-none-eabi/4.8.4/armv6-m/libgcc.a(_arm_cmpsf2.o)
                0x00000588                __aeabi_cfrcmple
                0x00000590                __aeabi_cfcmple
                0x00000590                __aeabi_cfcmpeq
                0x000005a0                __aeabi_fcmpeq
                0x000005ac                __aeabi_fcmplt
                0x000005c0                __aeabi_fcmple
                0x000005d4                __aeabi_fcmpgt
                0x000005e8                __aeabi_fcmpge
 .text          0x000005fc       0x30 /opt/Freescale/KDS_v3/toolchain/bin/../lib/gcc/arm-none-eabi/4.8.4/armv6-m/libgcc.a(_fixunssfsi.o)
                0x000005fc                __aeabi_f2uiz
                0x000005fc                __fixunssfsi
 .text          0x0000062c       0x54 /opt/Freescale/KDS_v3/toolchain/bin/../lib/gcc/arm-none-eabi/4.8.4/armv6-m/libgcc.a(eqsf2.o)
                0x0000062c                __nesf2
                0x0000062c                __eqsf2
 .text          0x00000680       0x90 /opt/Freescale/KDS_v3/toolchain/bin/../lib/gcc/arm-none-eabi/4.8.4/armv6-m/libgcc.a(gesf2.o)
                0x00000680                __gtsf2
                0x00000680                __gesf2
 .text          0x00000710       0x98 /opt/Freescale/KDS_v3/toolchain/bin/../lib/gcc/arm-none-eabi/4.8.4/armv6-m/libgcc.a(lesf2.o)
                0x00000710                __lesf2
                0x00000710                __ltsf2
 .text          0x000007a8      0x254 /opt/Freescale/KDS_v3/toolchain/bin/../lib/gcc/arm-none-eabi/4.8.4/armv6-m/libgcc.a(mulsf3.o)
                0x000007a8                __aeabi_fmul
 .text          0x000009fc      0x2ec /opt/Freescale/KDS_v3/toolchain/bin/../lib/gcc/arm-none-eabi/4.8.4/armv6-m/libgcc.a(subsf3.o)
                0x000009fc                __aeabi_fsub
 .text          0x00000ce8       0x40 /opt/Freescale/KDS_v3/toolchain/bin/../lib/gcc/arm-none-eabi/4.8.4/armv6-m/libgcc.a(fixsfsi.o)
                0x00000ce8                __aeabi_f2iz
 .text          0x00000d28       0xb8 /opt/Freescale/KDS_v3/toolchain/bin/../lib/gcc/arm-none-eabi/4.8.4/armv6-m/libgcc.a(floatsisf.o)
                0x00000d28                __aeabi_i2f
 .text          0x00000de0       0x3c /opt/Freescale/KDS_v3/toolchain/bin/../lib/gcc/arm-none-eabi/4.8.4/armv6-m/libgcc.a(_clzsi2.o)
                0x00000de0                __clzsi2
 *(.text*)
 .text.Cpu_OnNMIINT
                0x00000e1c        0x8 ./Sources/Events.o
                0x00000e1c                Cpu_OnNMIINT
 .text.main     0x00000e24       0x60 ./Sources/main.o
                0x00000e24                main
 .text.__copy_rom_section
                0x00000e84       0xd8 ./Project_Settings/Startup_Code/startup.o
                0x00000e84                __copy_rom_section
 .text.__copy_rom_sections_to_ram
                0x00000f5c       0x98 ./Project_Settings/Startup_Code/startup.o
                0x00000f5c                __copy_rom_sections_to_ram
 .text.__init_registers
                0x00000ff4        0x8 ./Project_Settings/Startup_Code/startup.o
                0x00000ff4                __init_registers
 .text.__init_user
                0x00000ffc        0x8 ./Project_Settings/Startup_Code/startup.o
                0x00000ffc                __init_user
 .text.__thumb_startup
                0x00001004       0x30 ./Project_Settings/Startup_Code/startup.o
                0x00001004                __thumb_startup
 .text.Cpu_INT_NMIInterrupt
                0x00001034        0xc ./Generated_Code/Cpu.o
                0x00001034                Cpu_INT_NMIInterrupt
 .text.Cpu_Interrupt
                0x00001040        0xc ./Generated_Code/Cpu.o
                0x00001040                Cpu_Interrupt
 .text.Cpu_GetClockConfiguration
                0x0000104c       0x14 ./Generated_Code/Cpu.o
                0x0000104c                Cpu_GetClockConfiguration
 .text.__init_hardware
                0x00001060      0x190 ./Generated_Code/Cpu.o
                0x00001060                __init_hardware
 .text.PE_low_level_init
                0x000011f0       0xd4 ./Generated_Code/Cpu.o
                0x000011f0                PE_low_level_init
 .text.PwmLdd1_Init
                0x000012c4       0x68 ./Generated_Code/PwmLdd1.o
                0x000012c4                PwmLdd1_Init
 .text.PwmLdd1_SetDutyUS
                0x0000132c       0x88 ./Generated_Code/PwmLdd1.o
                0x0000132c                PwmLdd1_SetDutyUS
 .text.SetRatio
                0x000013b4       0x68 ./Generated_Code/PwmLdd1.o
 .text.PwmLdd1_SetClockConfiguration
                0x0000141c       0x30 ./Generated_Code/PwmLdd1.o
                0x0000141c                PwmLdd1_SetClockConfiguration
 .text.SERVO1_SetPWMDutyUs
                0x0000144c       0x3c ./Generated_Code/SERVO1.o
                0x0000144c                SERVO1_SetPWMDutyUs
 .text.SERVO1_SetPos
                0x00001488       0x38 ./Generated_Code/SERVO1.o
                0x00001488                SERVO1_SetPos
 .text.SERVO1_Init
                0x000014c0       0x14 ./Generated_Code/SERVO1.o
                0x000014c0                SERVO1_Init
 .text.SERVO1_TimerUnit_Init
                0x000014d4       0xf4 ./Generated_Code/SERVO1_TimerUnit.o
                0x000014d4                SERVO1_TimerUnit_Init
 .text.SERVO1_TimerUnit_GetPeriodTicks
                0x000015c8       0x4c ./Generated_Code/SERVO1_TimerUnit.o
                0x000015c8                SERVO1_TimerUnit_GetPeriodTicks
 .text.SERVO1_TimerUnit_SetOffsetTicks
                0x00001614       0x54 ./Generated_Code/SERVO1_TimerUnit.o
                0x00001614                SERVO1_TimerUnit_SetOffsetTicks
 .text.SERVO1_TimerUnit_SetClockConfiguration
                0x00001668       0x60 ./Generated_Code/SERVO1_TimerUnit.o
                0x00001668                SERVO1_TimerUnit_SetClockConfiguration
 .text.HWEnDi   0x000016c8       0x98 ./Generated_Code/SERVO1_TimerUnit.o
 .text.WAIT1_Wait10Cycles
                0x00001760        0x8 ./Generated_Code/WAIT1.o
                0x00001760                WAIT1_Wait10Cycles
 .text.WAIT1_Wait100Cycles
                0x00001768       0x18 ./Generated_Code/WAIT1.o
                0x00001768                WAIT1_Wait100Cycles
 .text.WAIT1_WaitCycles
                0x00001780       0x44 ./Generated_Code/WAIT1.o
                0x00001780                WAIT1_WaitCycles
 .text.WAIT1_WaitLongCycles
                0x000017c4       0x3c ./Generated_Code/WAIT1.o
                0x000017c4                WAIT1_WaitLongCycles
 .text.WAIT1_Waitms
                0x00001800       0x38 ./Generated_Code/WAIT1.o
                0x00001800                WAIT1_Waitms
 .text.exit     0x00001838       0x2c /opt/Freescale/KDS_v3/toolchain/bin/../lib/gcc/arm-none-eabi/4.8.4/../../../../arm-none-eabi/lib/armv6-m/libg_s.a(lib_a-exit.o)
                0x00001838                exit
 .text.__libc_init_array
                0x00001864       0x4c /opt/Freescale/KDS_v3/toolchain/bin/../lib/gcc/arm-none-eabi/4.8.4/../../../../arm-none-eabi/lib/armv6-m/libg_s.a(lib_a-init.o)
                0x00001864                __libc_init_array
 .text.memset   0x000018b0       0x10 /opt/Freescale/KDS_v3/toolchain/bin/../lib/gcc/arm-none-eabi/4.8.4/../../../../arm-none-eabi/lib/armv6-m/libg_s.a(lib_a-memset.o)
                0x000018b0                memset
 .text._exit    0x000018c0        0x4 /opt/Freescale/KDS_v3/toolchain/bin/../lib/gcc/arm-none-eabi/4.8.4/../../../../arm-none-eabi/lib/armv6-m/libnosys.a(_exit.o)
                0x000018c0                _exit
 *(.rodata)
 .rodata        0x000018c4       0x40 /opt/Freescale/KDS_v3/toolchain/bin/../lib/gcc/arm-none-eabi/4.8.4/armv6-m/libgcc.a(mulsf3.o)
 *(.rodata*)
 .rodata.str1.1
                0x00001904        0x2 /opt/Freescale/KDS_v3/toolchain/bin/../lib/gcc/arm-none-eabi/4.8.4/../../../../arm-none-eabi/lib/armv6-m/libg_s.a(lib_a-impure.o)
 *fill*         0x00001906        0x2 
 .rodata._global_impure_ptr
                0x00001908        0x4 /opt/Freescale/KDS_v3/toolchain/bin/../lib/gcc/arm-none-eabi/4.8.4/../../../../arm-none-eabi/lib/armv6-m/libg_s.a(lib_a-impure.o)
                0x00001908                _global_impure_ptr
 *(.glue_7)
 .glue_7        0x00000000        0x0 linker stubs
 *(.glue_7t)
 .glue_7t       0x00000000        0x0 linker stubs
 *(.eh_frame)
 .eh_frame      0x0000190c        0x0 /opt/Freescale/KDS_v3/toolchain/bin/../lib/gcc/arm-none-eabi/4.8.4/armv6-m/crtbegin.o
 *(.init)
 .init          0x0000190c        0x4 /opt/Freescale/KDS_v3/toolchain/bin/../lib/gcc/arm-none-eabi/4.8.4/armv6-m/crti.o
                0x0000190c                _init
 .init          0x00001910        0x8 /opt/Freescale/KDS_v3/toolchain/bin/../lib/gcc/arm-none-eabi/4.8.4/armv6-m/crtn.o
 *(.fini)
 .fini          0x00001918        0x4 /opt/Freescale/KDS_v3/toolchain/bin/../lib/gcc/arm-none-eabi/4.8.4/armv6-m/crti.o
                0x00001918                _fini
 .fini          0x0000191c        0x8 /opt/Freescale/KDS_v3/toolchain/bin/../lib/gcc/arm-none-eabi/4.8.4/armv6-m/crtn.o
                0x00001924                . = ALIGN (0x4)
                0x00001924                _etext = .

.vfp11_veneer   0x00001924        0x0
 .vfp11_veneer  0x00000000        0x0 linker stubs

.v4_bx          0x00001924        0x0
 .v4_bx         0x00000000        0x0 linker stubs

.iplt           0x00001924        0x0
 .iplt          0x00000000        0x0 /opt/Freescale/KDS_v3/toolchain/bin/../lib/gcc/arm-none-eabi/4.8.4/armv6-m/crtbegin.o

.ARM.extab
 *(.ARM.extab* .gnu.linkonce.armextab.*)

.ARM            0x00001924        0x8
                0x00001924                __exidx_start = .
 *(.ARM.exidx*)
 .ARM.exidx     0x00001924        0x8 /opt/Freescale/KDS_v3/toolchain/bin/../lib/gcc/arm-none-eabi/4.8.4/../../../../arm-none-eabi/lib/armv6-m/crt0.o
                0x0000192c                __exidx_end = .

.rel.dyn        0x0000192c        0x0
 .rel.iplt      0x00000000        0x0 /opt/Freescale/KDS_v3/toolchain/bin/../lib/gcc/arm-none-eabi/4.8.4/armv6-m/crtbegin.o

.ctors          0x0000192c        0x0
                0x0000192c                __CTOR_LIST__ = .
 *crtbegin.o(.ctors)
 *(EXCLUDE_FILE(*crtend.o) .ctors)
 *(SORT(.ctors.*))
 *(.ctors)
                0x0000192c                __CTOR_END__ = .

.dtors          0x0000192c        0x0
                0x0000192c                __DTOR_LIST__ = .
 *crtbegin.o(.dtors)
 *(EXCLUDE_FILE(*crtend.o) .dtors)
 *(SORT(.dtors.*))
 *(.dtors)
                0x0000192c                __DTOR_END__ = .

.preinit_array  0x0000192c        0x0
                0x0000192c                PROVIDE (__preinit_array_start, .)
 *(.preinit_array*)
                0x0000192c                PROVIDE (__preinit_array_end, .)

.init_array     0x0000192c        0x4
                0x0000192c                PROVIDE (__init_array_start, .)
 *(SORT(.init_array.*))
 *(.init_array*)
 .init_array    0x0000192c        0x4 /opt/Freescale/KDS_v3/toolchain/bin/../lib/gcc/arm-none-eabi/4.8.4/armv6-m/crtbegin.o
                0x00001930                PROVIDE (__init_array_end, .)

.fini_array     0x00001930        0x4
                0x00001930                PROVIDE (__fini_array_start, .)
 *(SORT(.fini_array.*))
 *(.fini_array*)
 .fini_array    0x00001930        0x4 /opt/Freescale/KDS_v3/toolchain/bin/../lib/gcc/arm-none-eabi/4.8.4/armv6-m/crtbegin.o
                0x00001934                PROVIDE (__fini_array_end, .)
                0x00001934                ___ROM_AT = .

.mtb            0x1fffe000        0x0
                0x1fffe000                . = ALIGN (0x8)
                0x1fffe000                _mtb_start = .
 *(.mtb_buf)
                0x1fffe000                . = ALIGN (0x8)
                0x1fffe000                _mtb_end = .

.data           0x1fffe000       0x60 load address 0x00001934
                0x1fffe000                . = ALIGN (0x4)
                0x1fffe000                _sdata = .
 *(.data)
 *(.data*)
 .data.impure_data
                0x1fffe000       0x60 /opt/Freescale/KDS_v3/toolchain/bin/../lib/gcc/arm-none-eabi/4.8.4/../../../../arm-none-eabi/lib/armv6-m/libg_s.a(lib_a-impure.o)
                0x1fffe060                . = ALIGN (0x4)
                0x1fffe060                _edata = .
                0x00000060                ___data_size = (_edata - _sdata)

.jcr            0x1fffe060        0x0 load address 0x00001994
 .jcr           0x1fffe060        0x0 /opt/Freescale/KDS_v3/toolchain/bin/../lib/gcc/arm-none-eabi/4.8.4/armv6-m/crtbegin.o

.igot.plt       0x1fffe060        0x0 load address 0x00001994
 .igot.plt      0x00000000        0x0 /opt/Freescale/KDS_v3/toolchain/bin/../lib/gcc/arm-none-eabi/4.8.4/armv6-m/crtbegin.o
                0x1fffe060                . = ALIGN (0x4)

.bss            0x1fffe060       0x4c load address 0x00001994
                0x1fffe060                __START_BSS = .
                0x1fffe060                PROVIDE (__bss_start__, __START_BSS)
 *(.bss)
 .bss           0x1fffe060       0x1c /opt/Freescale/KDS_v3/toolchain/bin/../lib/gcc/arm-none-eabi/4.8.4/armv6-m/crtbegin.o
 *(.bss*)
 .bss.SR_lock   0x1fffe07c        0x1 ./Generated_Code/Cpu.o
                0x1fffe07c                SR_lock
 .bss.ClockConfigurationID
                0x1fffe07d        0x1 ./Generated_Code/Cpu.o
 *fill*         0x1fffe07e        0x2 
 .bss.PE_LDD_DeviceDataList
                0x1fffe080        0x8 ./Generated_Code/PE_LDD.o
                0x1fffe080                PE_LDD_DeviceDataList
 .bss.DeviceDataPrv__DEFAULT_RTOS_ALLOC
                0x1fffe088        0xc ./Generated_Code/PwmLdd1.o
 .bss.Servo     0x1fffe094        0x4 ./Generated_Code/SERVO1.o
 .bss.DeviceDataPrv__DEFAULT_RTOS_ALLOC
                0x1fffe098       0x10 ./Generated_Code/SERVO1_TimerUnit.o
 *(COMMON)
 COMMON         0x1fffe0a8        0x1 ./Generated_Code/Cpu.o
                0x1fffe0a8                SR_reg
                0x1fffe0ac                . = ALIGN (0x4)
 *fill*         0x1fffe0a9        0x3 
                0x1fffe0ac                __END_BSS = .
                0x1fffe0ac                PROVIDE (__bss_end__, __END_BSS)
                0x00001994                _romp_at = (___ROM_AT + SIZEOF (.data))

.romp           0x1fffe0ac       0x18 load address 0x00001994
                0x00001994                __S_romp = _romp_at
                0x1fffe0ac        0x4 LONG 0x1934 ___ROM_AT
                0x1fffe0b0        0x4 LONG 0x1fffe000 _sdata
                0x1fffe0b4        0x4 LONG 0x60 ___data_size
                0x1fffe0b8        0x4 LONG 0x0
                0x1fffe0bc        0x4 LONG 0x0
                0x1fffe0c0        0x4 LONG 0x0
                0x00040000                text_end = (ORIGIN (m_text) + 0x3fbf0)
                0x000019ac                data_init_end = ((___ROM_AT + SIZEOF (.data)) + SIZEOF (.romp))
                0x00000001                ASSERT ((data_init_end <= text_end), region m_text overflowed with text and data)

._user_heap_stack
                0x1fffe0c4      0x400 load address 0x000019ac
                0x1fffe0c4                . = ALIGN (0x4)
                0x1fffe0c4                PROVIDE (end, .)
                0x1fffe0c4                PROVIDE (_end, .)
                0x1fffe0c4                PROVIDE (__end__, .)
                0x1fffe0c4                __heap_addr = .
                0x1fffe0c4                __HeapBase = .
                0x1fffe0c4                . = (. + __heap_size)
                0x1fffe0c4                __HeapLimit = .
                0x1fffe4c4                . = (. + __stack_size)
 *fill*         0x1fffe0c4      0x400 
                0x1fffe4c4                . = ALIGN (0x4)

.ARM.attributes
                0x00000000       0x28
 *(.ARM.attributes)
 .ARM.attributes
                0x00000000       0x1e /opt/Freescale/KDS_v3/toolchain/bin/../lib/gcc/arm-none-eabi/4.8.4/armv6-m/crti.o
 .ARM.attributes
                0x0000001e       0x2c /opt/Freescale/KDS_v3/toolchain/bin/../lib/gcc/arm-none-eabi/4.8.4/armv6-m/crtbegin.o
 .ARM.attributes
                0x0000004a       0x1b /opt/Freescale/KDS_v3/toolchain/bin/../lib/gcc/arm-none-eabi/4.8.4/../../../../arm-none-eabi/lib/armv6-m/crt0.o
 .ARM.attributes
                0x00000065       0x32 ./Sources/Events.o
 .ARM.attributes
                0x00000097       0x32 ./Sources/main.o
 .ARM.attributes
                0x000000c9       0x32 ./Project_Settings/Startup_Code/startup.o
 .ARM.attributes
                0x000000fb       0x32 ./Generated_Code/Cpu.o
 .ARM.attributes
                0x0000012d       0x32 ./Generated_Code/PE_LDD.o
 .ARM.attributes
                0x0000015f       0x32 ./Generated_Code/PwmLdd1.o
 .ARM.attributes
                0x00000191       0x32 ./Generated_Code/SERVO1.o
 .ARM.attributes
                0x000001c3       0x32 ./Generated_Code/SERVO1_TimerUnit.o
 .ARM.attributes
                0x000001f5       0x32 ./Generated_Code/Vectors.o
 .ARM.attributes
                0x00000227       0x32 ./Generated_Code/WAIT1.o
 .ARM.attributes
                0x00000259       0x1e /opt/Freescale/KDS_v3/toolchain/bin/../lib/gcc/arm-none-eabi/4.8.4/armv6-m/libgcc.a(_udivsi3.o)
 .ARM.attributes
                0x00000277       0x1e /opt/Freescale/KDS_v3/toolchain/bin/../lib/gcc/arm-none-eabi/4.8.4/armv6-m/libgcc.a(_dvmd_tls.o)
 .ARM.attributes
                0x00000295       0x1e /opt/Freescale/KDS_v3/toolchain/bin/../lib/gcc/arm-none-eabi/4.8.4/armv6-m/libgcc.a(_arm_cmpsf2.o)
 .ARM.attributes
                0x000002b3       0x2c /opt/Freescale/KDS_v3/toolchain/bin/../lib/gcc/arm-none-eabi/4.8.4/armv6-m/libgcc.a(_fixunssfsi.o)
 .ARM.attributes
                0x000002df       0x2c /opt/Freescale/KDS_v3/toolchain/bin/../lib/gcc/arm-none-eabi/4.8.4/armv6-m/libgcc.a(eqsf2.o)
 .ARM.attributes
                0x0000030b       0x2c /opt/Freescale/KDS_v3/toolchain/bin/../lib/gcc/arm-none-eabi/4.8.4/armv6-m/libgcc.a(gesf2.o)
 .ARM.attributes
                0x00000337       0x2c /opt/Freescale/KDS_v3/toolchain/bin/../lib/gcc/arm-none-eabi/4.8.4/armv6-m/libgcc.a(lesf2.o)
 .ARM.attributes
                0x00000363       0x2c /opt/Freescale/KDS_v3/toolchain/bin/../lib/gcc/arm-none-eabi/4.8.4/armv6-m/libgcc.a(mulsf3.o)
 .ARM.attributes
                0x0000038f       0x2c /opt/Freescale/KDS_v3/toolchain/bin/../lib/gcc/arm-none-eabi/4.8.4/armv6-m/libgcc.a(subsf3.o)
 .ARM.attributes
                0x000003bb       0x2c /opt/Freescale/KDS_v3/toolchain/bin/../lib/gcc/arm-none-eabi/4.8.4/armv6-m/libgcc.a(fixsfsi.o)
 .ARM.attributes
                0x000003e7       0x2c /opt/Freescale/KDS_v3/toolchain/bin/../lib/gcc/arm-none-eabi/4.8.4/armv6-m/libgcc.a(floatsisf.o)
 .ARM.attributes
                0x00000413       0x1e /opt/Freescale/KDS_v3/toolchain/bin/../lib/gcc/arm-none-eabi/4.8.4/armv6-m/libgcc.a(_clzsi2.o)
 .ARM.attributes
                0x00000431       0x2c /opt/Freescale/KDS_v3/toolchain/bin/../lib/gcc/arm-none-eabi/4.8.4/../../../../arm-none-eabi/lib/armv6-m/libg_s.a(lib_a-exit.o)
 .ARM.attributes
                0x0000045d       0x2c /opt/Freescale/KDS_v3/toolchain/bin/../lib/gcc/arm-none-eabi/4.8.4/../../../../arm-none-eabi/lib/armv6-m/libg_s.a(lib_a-impure.o)
 .ARM.attributes
                0x00000489       0x2c /opt/Freescale/KDS_v3/toolchain/bin/../lib/gcc/arm-none-eabi/4.8.4/../../../../arm-none-eabi/lib/armv6-m/libg_s.a(lib_a-init.o)
 .ARM.attributes
                0x000004b5       0x2c /opt/Freescale/KDS_v3/toolchain/bin/../lib/gcc/arm-none-eabi/4.8.4/../../../../arm-none-eabi/lib/armv6-m/libg_s.a(lib_a-memset.o)
 .ARM.attributes
                0x000004e1       0x2c /opt/Freescale/KDS_v3/toolchain/bin/../lib/gcc/arm-none-eabi/4.8.4/../../../../arm-none-eabi/lib/armv6-m/libnosys.a(_exit.o)
 .ARM.attributes
                0x0000050d       0x1e /opt/Freescale/KDS_v3/toolchain/bin/../lib/gcc/arm-none-eabi/4.8.4/armv6-m/crtn.o
OUTPUT(ServoMotor.elf elf32-littlearm)

.debug_info     0x00000000     0x2049
 .debug_info    0x00000000       0x96 ./Sources/Events.o
 .debug_info    0x00000096       0xbf ./Sources/main.o
 .debug_info    0x00000155      0x20a ./Project_Settings/Startup_Code/startup.o
 .debug_info    0x0000035f      0xa52 ./Generated_Code/Cpu.o
 .debug_info    0x00000db1      0x24d ./Generated_Code/PE_LDD.o
 .debug_info    0x00000ffe      0x3ba ./Generated_Code/PwmLdd1.o
 .debug_info    0x000013b8      0x1bb ./Generated_Code/SERVO1.o
 .debug_info    0x00001573      0x879 ./Generated_Code/SERVO1_TimerUnit.o
 .debug_info    0x00001dec      0x10e ./Generated_Code/Vectors.o
 .debug_info    0x00001efa      0x14f ./Generated_Code/WAIT1.o

.debug_abbrev   0x00000000      0xa7c
 .debug_abbrev  0x00000000       0x45 ./Sources/Events.o
 .debug_abbrev  0x00000045       0x63 ./Sources/main.o
 .debug_abbrev  0x000000a8      0x11e ./Project_Settings/Startup_Code/startup.o
 .debug_abbrev  0x000001c6      0x1eb ./Generated_Code/Cpu.o
 .debug_abbrev  0x000003b1      0x127 ./Generated_Code/PE_LDD.o
 .debug_abbrev  0x000004d8      0x13c ./Generated_Code/PwmLdd1.o
 .debug_abbrev  0x00000614      0x115 ./Generated_Code/SERVO1.o
 .debug_abbrev  0x00000729      0x1fe ./Generated_Code/SERVO1_TimerUnit.o
 .debug_abbrev  0x00000927       0xa4 ./Generated_Code/Vectors.o
 .debug_abbrev  0x000009cb       0xb1 ./Generated_Code/WAIT1.o

.debug_aranges  0x00000000      0x2a8
 .debug_aranges
                0x00000000       0x20 ./Sources/Events.o
 .debug_aranges
                0x00000020       0x20 ./Sources/main.o
 .debug_aranges
                0x00000040       0x50 ./Project_Settings/Startup_Code/startup.o
 .debug_aranges
                0x00000090       0x90 ./Generated_Code/Cpu.o
 .debug_aranges
                0x00000120       0x30 ./Generated_Code/PE_LDD.o
 .debug_aranges
                0x00000150       0x58 ./Generated_Code/PwmLdd1.o
 .debug_aranges
                0x000001a8       0x38 ./Generated_Code/SERVO1.o
 .debug_aranges
                0x000001e0       0x70 ./Generated_Code/SERVO1_TimerUnit.o
 .debug_aranges
                0x00000250       0x18 ./Generated_Code/Vectors.o
 .debug_aranges
                0x00000268       0x40 ./Generated_Code/WAIT1.o

.debug_ranges   0x00000000      0x200
 .debug_ranges  0x00000000       0x10 ./Sources/Events.o
 .debug_ranges  0x00000010       0x10 ./Sources/main.o
 .debug_ranges  0x00000020       0x40 ./Project_Settings/Startup_Code/startup.o
 .debug_ranges  0x00000060       0x80 ./Generated_Code/Cpu.o
 .debug_ranges  0x000000e0       0x20 ./Generated_Code/PE_LDD.o
 .debug_ranges  0x00000100       0x48 ./Generated_Code/PwmLdd1.o
 .debug_ranges  0x00000148       0x28 ./Generated_Code/SERVO1.o
 .debug_ranges  0x00000170       0x60 ./Generated_Code/SERVO1_TimerUnit.o
 .debug_ranges  0x000001d0       0x30 ./Generated_Code/WAIT1.o

.debug_macro    0x00000000    0x15e0e
 .debug_macro   0x00000000      0x129 ./Sources/Events.o
 .debug_macro   0x00000129      0x802 ./Sources/Events.o
 .debug_macro   0x0000092b       0x16 ./Sources/Events.o
 .debug_macro   0x00000941       0x44 ./Sources/Events.o
 .debug_macro   0x00000985      0x209 ./Sources/Events.o
 .debug_macro   0x00000b8e     0x1592 ./Sources/Events.o
 .debug_macro   0x00002120      0x14e ./Sources/Events.o
 .debug_macro   0x0000226e       0x64 ./Sources/Events.o
 .debug_macro   0x000022d2     0x9005 ./Sources/Events.o
 .debug_macro   0x0000b2d7      0x20d ./Sources/Events.o
 .debug_macro   0x0000b4e4       0x94 ./Sources/Events.o
 .debug_macro   0x0000b578      0x1d6 ./Sources/Events.o
 .debug_macro   0x0000b74e       0x97 ./Sources/Events.o
 .debug_macro   0x0000b7e5       0x46 ./Sources/Events.o
 .debug_macro   0x0000b82b       0x32 ./Sources/Events.o
 .debug_macro   0x0000b85d       0x22 ./Sources/Events.o
 .debug_macro   0x0000b87f       0x22 ./Sources/Events.o
 .debug_macro   0x0000b8a1       0x30 ./Sources/Events.o
 .debug_macro   0x0000b8d1      0x129 ./Sources/main.o
 .debug_macro   0x0000b9fa      0x121 ./Project_Settings/Startup_Code/startup.o
 .debug_macro   0x0000bb1b       0x58 ./Project_Settings/Startup_Code/startup.o
 .debug_macro   0x0000bb73       0x35 ./Project_Settings/Startup_Code/startup.o
 .debug_macro   0x0000bba8       0xa3 ./Project_Settings/Startup_Code/startup.o
 .debug_macro   0x0000bc4b      0x166 ./Project_Settings/Startup_Code/startup.o
 .debug_macro   0x0000bdb1       0x4a ./Project_Settings/Startup_Code/startup.o
 .debug_macro   0x0000bdfb       0x52 ./Project_Settings/Startup_Code/startup.o
 .debug_macro   0x0000be4d       0x16 ./Project_Settings/Startup_Code/startup.o
 .debug_macro   0x0000be63       0x43 ./Project_Settings/Startup_Code/startup.o
 .debug_macro   0x0000bea6      0x180 ./Project_Settings/Startup_Code/startup.o
 .debug_macro   0x0000c026      0x2a6 ./Project_Settings/Startup_Code/startup.o
 .debug_macro   0x0000c2cc       0x10 ./Project_Settings/Startup_Code/startup.o
 .debug_macro   0x0000c2dc       0x35 ./Project_Settings/Startup_Code/startup.o
 .debug_macro   0x0000c311       0x16 ./Project_Settings/Startup_Code/startup.o
 .debug_macro   0x0000c327       0x22 ./Project_Settings/Startup_Code/startup.o
 .debug_macro   0x0000c349       0x10 ./Project_Settings/Startup_Code/startup.o
 .debug_macro   0x0000c359      0x20f ./Project_Settings/Startup_Code/startup.o
 .debug_macro   0x0000c568     0x8ff9 ./Project_Settings/Startup_Code/startup.o
 .debug_macro   0x00015561      0x15b ./Generated_Code/Cpu.o
 .debug_macro   0x000156bc      0x213 ./Generated_Code/Cpu.o
 .debug_macro   0x000158cf       0xff ./Generated_Code/PE_LDD.o
 .debug_macro   0x000159ce       0xbb ./Generated_Code/PwmLdd1.o
 .debug_macro   0x00015a89      0x10a ./Generated_Code/SERVO1.o
 .debug_macro   0x00015b93       0xb4 ./Generated_Code/SERVO1_TimerUnit.o
 .debug_macro   0x00015c47      0x12d ./Generated_Code/Vectors.o
 .debug_macro   0x00015d74       0x9a ./Generated_Code/WAIT1.o

.debug_line     0x00000000     0x24aa
 .debug_line    0x00000000      0x308 ./Sources/Events.o
 .debug_line    0x00000308      0x333 ./Sources/main.o
 .debug_line    0x0000063b      0x3de ./Project_Settings/Startup_Code/startup.o
 .debug_line    0x00000a19      0x74a ./Generated_Code/Cpu.o
 .debug_line    0x00001163      0x304 ./Generated_Code/PE_LDD.o
 .debug_line    0x00001467      0x344 ./Generated_Code/PwmLdd1.o
 .debug_line    0x000017ab      0x2df ./Generated_Code/SERVO1.o
 .debug_line    0x00001a8a      0x3cb ./Generated_Code/SERVO1_TimerUnit.o
 .debug_line    0x00001e55      0x3bf ./Generated_Code/Vectors.o
 .debug_line    0x00002214      0x296 ./Generated_Code/WAIT1.o

.debug_str      0x00000000    0x3c990
 .debug_str     0x00000000    0x395e5 ./Sources/Events.o
                              0x399e1 (size before relaxing)
 .debug_str     0x000395e5       0x32 ./Sources/main.o
                              0x399fb (size before relaxing)
 .debug_str     0x00039617     0x25f6 ./Project_Settings/Startup_Code/startup.o
                              0x3229b (size before relaxing)
 .debug_str     0x0003bc0d      0x4d2 ./Generated_Code/Cpu.o
                              0x39ec7 (size before relaxing)
 .debug_str     0x0003c0df      0x18c ./Generated_Code/PE_LDD.o
                              0x39b97 (size before relaxing)
 .debug_str     0x0003c26b      0x162 ./Generated_Code/PwmLdd1.o
                              0x396cb (size before relaxing)
 .debug_str     0x0003c3cd      0x23a ./Generated_Code/SERVO1.o
                              0x398f8 (size before relaxing)
 .debug_str     0x0003c607      0x2e9 ./Generated_Code/SERVO1_TimerUnit.o
                              0x39836 (size before relaxing)
 .debug_str     0x0003c8f0       0x1c ./Generated_Code/Vectors.o
                              0x39a29 (size before relaxing)
 .debug_str     0x0003c90c       0x84 ./Generated_Code/WAIT1.o
                              0x374e1 (size before relaxing)

.comment        0x00000000       0x70
 .comment       0x00000000       0x70 ./Sources/Events.o
                                 0x71 (size before relaxing)
 .comment       0x00000000       0x71 ./Sources/main.o
 .comment       0x00000000       0x71 ./Project_Settings/Startup_Code/startup.o
 .comment       0x00000000       0x71 ./Generated_Code/Cpu.o
 .comment       0x00000000       0x71 ./Generated_Code/PE_LDD.o
 .comment       0x00000000       0x71 ./Generated_Code/PwmLdd1.o
 .comment       0x00000000       0x71 ./Generated_Code/SERVO1.o
 .comment       0x00000000       0x71 ./Generated_Code/SERVO1_TimerUnit.o
 .comment       0x00000000       0x71 ./Generated_Code/Vectors.o
 .comment       0x00000000       0x71 ./Generated_Code/WAIT1.o

.debug_frame    0x00000000      0x92c
 .debug_frame   0x00000000       0x2c ./Sources/Events.o
 .debug_frame   0x0000002c       0x30 ./Sources/main.o
 .debug_frame   0x0000005c       0xd0 ./Project_Settings/Startup_Code/startup.o
 .debug_frame   0x0000012c      0x1d8 ./Generated_Code/Cpu.o
 .debug_frame   0x00000304       0x6c ./Generated_Code/PE_LDD.o
 .debug_frame   0x00000370      0x110 ./Generated_Code/PwmLdd1.o
 .debug_frame   0x00000480       0x8c ./Generated_Code/SERVO1.o
 .debug_frame   0x0000050c      0x170 ./Generated_Code/SERVO1_TimerUnit.o
 .debug_frame   0x0000067c       0x90 ./Generated_Code/WAIT1.o
 .debug_frame   0x0000070c       0x20 /opt/Freescale/KDS_v3/toolchain/bin/../lib/gcc/arm-none-eabi/4.8.4/armv6-m/libgcc.a(_udivsi3.o)
 .debug_frame   0x0000072c       0x28 /opt/Freescale/KDS_v3/toolchain/bin/../lib/gcc/arm-none-eabi/4.8.4/armv6-m/libgcc.a(_fixunssfsi.o)
 .debug_frame   0x00000754       0x2c /opt/Freescale/KDS_v3/toolchain/bin/../lib/gcc/arm-none-eabi/4.8.4/armv6-m/libgcc.a(eqsf2.o)
 .debug_frame   0x00000780       0x30 /opt/Freescale/KDS_v3/toolchain/bin/../lib/gcc/arm-none-eabi/4.8.4/armv6-m/libgcc.a(gesf2.o)
 .debug_frame   0x000007b0       0x30 /opt/Freescale/KDS_v3/toolchain/bin/../lib/gcc/arm-none-eabi/4.8.4/armv6-m/libgcc.a(lesf2.o)
 .debug_frame   0x000007e0       0x3c /opt/Freescale/KDS_v3/toolchain/bin/../lib/gcc/arm-none-eabi/4.8.4/armv6-m/libgcc.a(mulsf3.o)
 .debug_frame   0x0000081c       0x30 /opt/Freescale/KDS_v3/toolchain/bin/../lib/gcc/arm-none-eabi/4.8.4/armv6-m/libgcc.a(subsf3.o)
 .debug_frame   0x0000084c       0x20 /opt/Freescale/KDS_v3/toolchain/bin/../lib/gcc/arm-none-eabi/4.8.4/armv6-m/libgcc.a(fixsfsi.o)
 .debug_frame   0x0000086c       0x2c /opt/Freescale/KDS_v3/toolchain/bin/../lib/gcc/arm-none-eabi/4.8.4/armv6-m/libgcc.a(floatsisf.o)
 .debug_frame   0x00000898       0x28 /opt/Freescale/KDS_v3/toolchain/bin/../lib/gcc/arm-none-eabi/4.8.4/../../../../arm-none-eabi/lib/armv6-m/libg_s.a(lib_a-exit.o)
 .debug_frame   0x000008c0       0x2c /opt/Freescale/KDS_v3/toolchain/bin/../lib/gcc/arm-none-eabi/4.8.4/../../../../arm-none-eabi/lib/armv6-m/libg_s.a(lib_a-init.o)
 .debug_frame   0x000008ec       0x20 /opt/Freescale/KDS_v3/toolchain/bin/../lib/gcc/arm-none-eabi/4.8.4/../../../../arm-none-eabi/lib/armv6-m/libg_s.a(lib_a-memset.o)
 .debug_frame   0x0000090c       0x20 /opt/Freescale/KDS_v3/toolchain/bin/../lib/gcc/arm-none-eabi/4.8.4/../../../../arm-none-eabi/lib/armv6-m/libnosys.a(_exit.o)
